// Jest Snapshot v1, https://goo.gl/fbAQLP

exports[`Center component should match snapshot 1`] = `
<View
  style={
    Array [
      Object {
        "alignItems": "center",
        "alignSelf": "center",
        "flex": 1,
        "justifyContent": undefined,
        "paddingBottom": undefined,
        "paddingEnd": undefined,
        "paddingHorizontal": undefined,
        "paddingStart": undefined,
        "paddingTop": undefined,
        "paddingVertical": undefined,
      },
      undefined,
    ]
  }
  testID="FAST_BASE_CENTER"
/>
`;
