// Jest Snapshot v1, https://goo.gl/fbAQLP

exports[`Container component should render correctly 1`] = `
<RNCSafeAreaView
  edges={
    Array [
      "bottom",
      "left",
      "right",
      "top",
    ]
  }
  style={
    Object {
      "backgroundColor": "#F7F9F9",
      "flex": 1,
    }
  }
  testID="FAST_BASE_CONTAINER"
>
  <Text>
    Hello Fast Base Container!
  </Text>
</RNCSafeAreaView>
`;
