// Jest Snapshot v1, https://goo.gl/fbAQLP

exports[`Container component should render correctly 1`] = `
<RCTSafeAreaView
  style={
    Object {
      "backgroundColor": "#f9fafb",
      "flex": 1,
    }
  }
  testID="FAST_BASE_CONTAINER"
>
  <Text>
    Hello Fast Base Container!
  </Text>
</RCTSafeAreaView>
`;
